[portfolio-webflow-html-website-template.webflow.io/index.html]
[backblue.gif]
[fade.gif]
[index.html]
[assets.website-files.com/5fef5619b640934b33c2385e/css/portfolio-webflow-html-website-template.webflow.b4f226577.css]
[assets.website-files.com/5fef5619b640934b33c2385e/6078acfa53127ebc015bee91_Group 72.png]
[assets.website-files.com/5fef5619b640934b33c2385e/6078acfd46b89d8f2ccece66_Group 73.png]
[portfolio-webflow-html-website-template.webflow.io/projects.html]
[portfolio-webflow-html-website-template.webflow.io/blog.html]
[assets.website-files.com/5fef5619b640934b33c2385e/60ad1c2b0e1d633fc7ef2e69_Group 160-min.jpg]
[assets.website-files.com/5fef5619b640934b33c2385e/6078b0cd748b8581836fddf5_Group 334.png]
[assets.website-files.com/5fef5619b640934b33c2385e/6078b0ccdbeafadf1a24d34a_Group 333.png]
[assets.website-files.com/5fef5619b640934b33c2385e/6078b0c238e88c2e55fe84cf_Group 335.png]
[assets.website-files.com/5fef5619b640934b33c2385e/6078b0c235209438ffca029b_Group 336.png]
[portfolio-webflow-html-website-template.webflow.io/projects/soulful-rebrand.html]
[assets.website-files.com/5ff05a7bd62f16808f485280/6077dc9bcd0f7a437038f60d_image_processing20200129-19798-1k8ponz 1-min.png]
[portfolio-webflow-html-website-template.webflow.io/projects/datadash-product-design.html]
[assets.website-files.com/5ff05a7bd62f16808f485280/6077dcc78ec31466630c033f_image_processing20200129-19798-1k8ponz 2-min.png]
[portfolio-webflow-html-website-template.webflow.io/projects/maize-website-design.html]
[assets.website-files.com/5ff05a7bd62f16808f485280/6077dcd635f7f176db9fef1e_image_processing20200129-19798-1k8ponz 3-min.png]
[assets.website-files.com/5ff05a7bd62f16808f485280/6077dce7ec07854a8c820c4e_image_processing20200129-19798-1k8ponz 4-min.png]
[assets.website-files.com/5ff05a7bd62f16808f485280/6077dcf54baced26f174226f_image_processing20200129-19798-1k8ponz 14-min.png]
[portfolio-webflow-html-website-template.webflow.io/blog/design-tips-for-designers-that-cover-everything-you-need.html]
[portfolio-webflow-html-website-template.webflow.io/blog/logo-design-trends-to-avoid-in-2021.html]
[assets.website-files.com/5fef5619b640934b33c2385e/60751db05a9a1b47d320c2a0_image_processing20200129-19798-1k8ponz 7-min.png]
[assets.website-files.com/5fef5619b640934b33c2385e/60751db04d121379342550c6_image_processing20200129-19798-1k8ponz 11-min.png]
[assets.website-files.com/5fef5619b640934b33c2385e/60751db006dd19aa20e10edf_image_processing20200129-19798-1k8ponz 12-min.png]
[assets.website-files.com/5fef5619b640934b33c2385e/60751db0f84d7b28be5d1883_image_processing20200129-19798-1k8ponz 13-min.png]
[assets.website-files.com/5fef5619b640934b33c2385e/604788d804dfe4ec1de7bb97_image-1-compressed.jpg]
[assets.website-files.com/5fef5619b640934b33c2385e/604773c422dbe6174ff754e5_jake-nackos-IF9TK5Uy-KI-unsplash 12-min.png]
[d3e54v103j8qbb.cloudfront.net/js/jquery-3.5.1.min.dc5e7f18c890c9.js]
[portfolio-webflow-html-website-template.webflow.io/index.html]
[assets.website-files.com/5fef5619b640934b33c2385e/css/portfolio-webflow-html-website-template.webflow.b4f226577.css]
[assets.website-files.com/5fef5619b640934b33c2385e/js/webflow.8a4a952db.js]
[portfolio-webflow-html-website-template.webflow.io/projects.html]
[assets.website-files.com/5ff05a7bd62f16808f485280/6077dec064102ea6abb8832c_image_processing20200129-19798-1k8ponz 15-min.png]
[portfolio-webflow-html-website-template.webflow.io/blog.html]
[portfolio-webflow-html-website-template.webflow.io/projects/soulful-rebrand.html]
[portfolio-webflow-html-website-template.webflow.io/projects/datadash-product-design.html]
[portfolio-webflow-html-website-template.webflow.io/projects/maize-website-design.html]
[portfolio-webflow-html-website-template.webflow.io/blog/design-tips-for-designers-that-cover-everything-you-need.html]
[portfolio-webflow-html-website-template.webflow.io/blog/logo-design-trends-to-avoid-in-2021.html]
[portfolio-webflow-html-website-template.webflow.io/contact]
[portfolio-webflow-html-website-template.webflow.io/projects/gorillax-branding]
[portfolio-webflow-html-website-template.webflow.io/blog/how-to-build-rapport-with-your-web-design-clients]
[portfolio-webflow-html-website-template.webflow.io/blog/top-6-free-website-mockup-tools-2021]
[portfolio-webflow-html-website-template.webflow.io/blog/22-best-ui-design-tools]
[portfolio-webflow-html-website-template.webflow.io/reference/licensing]
[portfolio-webflow-html-website-template.webflow.io/reference/instructions]
[portfolio-webflow-html-website-template.webflow.io/reference/changelog]
[portfolio-webflow-html-website-template.webflow.io/reference/style-guide]
[portfolio-webflow-html-website-template.webflow.io/projects/joggr-website-design]
